// Vitest Snapshot v1, https://vitest.dev/guide/snapshot.html

exports[`checkVCSConnectionStatus should handle response status codes from GET vcs/connections/:id/check-status endpoint > 400 status 1`] = `
{
  "description": Any<String>,
  "error": Any<String>,
  "user_error": Any<Boolean>,
}
`;

exports[`checkVCSConnectionStatus should handle response status codes from GET vcs/connections/:id/check-status endpoint > 401 status 1`] = `
{
  "description": Any<String>,
  "error": Any<String>,
  "user_error": Any<Boolean>,
}
`;

exports[`checkVCSConnectionStatus should handle response status codes from GET vcs/connections/:id/check-status endpoint > 403 status 1`] = `
{
  "description": Any<String>,
  "error": Any<String>,
  "user_error": Any<Boolean>,
}
`;

exports[`checkVCSConnectionStatus should handle response status codes from GET vcs/connections/:id/check-status endpoint > 404 status 1`] = `
{
  "description": Any<String>,
  "error": Any<String>,
  "user_error": Any<Boolean>,
}
`;

exports[`checkVCSConnectionStatus should handle response status codes from GET vcs/connections/:id/check-status endpoint > 500 status 1`] = `
{
  "description": Any<String>,
  "error": Any<String>,
  "user_error": Any<Boolean>,
}
`;
