// Vitest Snapshot v1, https://vitest.dev/guide/snapshot.html

exports[`getMe should handle response status codes from GET auth/me endpoint > 401 status 1`] = `
{
  "description": Any<String>,
  "error": Any<String>,
  "user_error": Any<Boolean>,
}
`;

exports[`getMe should handle response status codes from GET auth/me endpoint > 500 status 1`] = `
{
  "description": Any<String>,
  "error": Any<String>,
  "user_error": Any<Boolean>,
}
`;
